// Jest Snapshot v1, https://goo.gl/fbAQLP

exports[`Notification displays Notification 1`] = `
<DocumentFragment>
  .c0 {
  background-color: #eee8e1;
  width: 100vw;
  height: 100vh;
  overflow-y: auto;
  display: -webkit-box;
  display: -webkit-flex;
  display: -ms-flexbox;
  display: flex;
  -webkit-flex-direction: column;
  -ms-flex-direction: column;
  flex-direction: column;
  font-family: 'Arvo',Arial,sans-serif;
}

<div
    class="c0"
  >
    <h1>
      Gestion contrat
    </h1>
  </div>
</DocumentFragment>
`;
